ok  	github.com/clyso/chorus/test/versioned	146.486s
